c:\users\user\onedrive\bureau\1\programmation\c++\miditorblx-cpp\miditorblxsource\miditorblx\obj\x64\debug\vc143.pdb
c:\users\user\onedrive\bureau\1\programmation\c++\miditorblx-cpp\miditorblxsource\miditorblx\obj\x64\debug\vc143.idb
c:\users\user\onedrive\bureau\1\programmation\c++\miditorblx-cpp\miditorblxsource\miditorblx\obj\x64\debug\midi_file.obj
c:\users\user\onedrive\bureau\1\programmation\c++\miditorblx-cpp\miditorblxsource\miditorblx\obj\x64\debug\debug_monitor.obj
c:\users\user\onedrive\bureau\1\programmation\c++\miditorblx-cpp\miditorblxsource\miditorblx\obj\x64\debug\miditorblx.obj
c:\users\user\onedrive\bureau\1\programmation\c++\miditorblx-cpp\miditorblxsource\miditorblx\bin\x64\debug\miditorblx.exe
c:\users\user\onedrive\bureau\1\programmation\c++\miditorblx-cpp\miditorblxsource\miditorblx\obj\x64\debug\miditorblx.ilk
c:\users\user\onedrive\bureau\1\programmation\c++\miditorblx-cpp\miditorblxsource\miditorblx\bin\x64\debug\miditorblx.pdb
c:\users\user\onedrive\bureau\1\programmation\c++\miditorblx-cpp\miditorblxsource\miditorblx\obj\x64\debug\miditorblx.exe.embed.manifest.res
c:\users\user\onedrive\bureau\1\programmation\c++\miditorblx-cpp\miditorblxsource\miditorblx\obj\x64\debug\miditorblx.res
c:\users\user\onedrive\bureau\1\programmation\c++\miditorblx-cpp\miditorblxsource\miditorblx\obj\x64\debug\miditorblx.exe.embed.manifest
c:\users\user\onedrive\bureau\1\programmation\c++\miditorblx-cpp\miditorblxsource\miditorblx\obj\x64\debug\miditorblx_manifest.rc
c:\users\user\onedrive\bureau\1\programmation\c++\miditorblx-cpp\miditorblxsource\miditorblx\obj\x64\debug\miditorblx.vcxproj.filelistabsolute.txt
c:\users\user\onedrive\bureau\1\programmation\c++\miditorblx-cpp\miditorblxsource\miditorblx\obj\x64\debug\miditorblx.tlog\cl.command.1.tlog
c:\users\user\onedrive\bureau\1\programmation\c++\miditorblx-cpp\miditorblxsource\miditorblx\obj\x64\debug\miditorblx.tlog\cl.items.tlog
c:\users\user\onedrive\bureau\1\programmation\c++\miditorblx-cpp\miditorblxsource\miditorblx\obj\x64\debug\miditorblx.tlog\cl.read.1.tlog
c:\users\user\onedrive\bureau\1\programmation\c++\miditorblx-cpp\miditorblxsource\miditorblx\obj\x64\debug\miditorblx.tlog\cl.write.1.tlog
c:\users\user\onedrive\bureau\1\programmation\c++\miditorblx-cpp\miditorblxsource\miditorblx\obj\x64\debug\miditorblx.tlog\link.command.1.tlog
c:\users\user\onedrive\bureau\1\programmation\c++\miditorblx-cpp\miditorblxsource\miditorblx\obj\x64\debug\miditorblx.tlog\link.read.1.tlog
c:\users\user\onedrive\bureau\1\programmation\c++\miditorblx-cpp\miditorblxsource\miditorblx\obj\x64\debug\miditorblx.tlog\link.write.1.tlog
c:\users\user\onedrive\bureau\1\programmation\c++\miditorblx-cpp\miditorblxsource\miditorblx\obj\x64\debug\miditorblx.tlog\rc.command.1.tlog
c:\users\user\onedrive\bureau\1\programmation\c++\miditorblx-cpp\miditorblxsource\miditorblx\obj\x64\debug\miditorblx.tlog\rc.read.1.tlog
c:\users\user\onedrive\bureau\1\programmation\c++\miditorblx-cpp\miditorblxsource\miditorblx\obj\x64\debug\miditorblx.tlog\rc.write.1.tlog
